insert into appfunction (DTYPE,parentFunctionId,functionId,name,active) values ('APPFUNCTION_TYPE','com.fudanmed.platform.core.web.systemParameterPresenter','com.fudanmed.platform.core.web.client.workbench.SystemParameterPresenter.modifyParameterRequest','修改系统参数',1); 
insert into appfunction (DTYPE,parentFunctionId,functionId,name,active) values ('APPFUNCTION_TYPE','com.fudanmed.platform.core.web.workItemTaskManagementPresenter','com.fudanmed.platform.core.web.client.warehouse.WorkItemTaskManagementPresenter.showWorkItemOutStockRecordDetail','查看领/退料信息',1); 
insert into appfunction (DTYPE,parentFunctionId,functionId,name,active) values ('APPFUNCTION_TYPE','com.fudanmed.platform.core.web.workItemTaskManagementPresenter','com.fudanmed.platform.core.web.client.warehouse.WorkItemTaskManagementPresenter.createWorkItemOutStoreRequest','领料',1); 
insert into appfunction (DTYPE,parentFunctionId,functionId,name,active) values ('APPFUNCTION_TYPE','com.fudanmed.platform.core.web.workItemTaskManagementPresenter','com.fudanmed.platform.core.web.client.warehouse.WorkItemTaskManagementPresenter.createWorkItemReturnStoreRequest','退料',1); 
insert into appfunction (DTYPE,parentFunctionId,functionId,name,active) values ('APPFUNCTION_TYPE','com.fudanmed.platform.core.web.transferRecordListPresenter','com.fudanmed.platform.core.web.client.warehouse.TransferRecordListPresenter.transferRequest','调拨',1); 
insert into appfunction (DTYPE,parentFunctionId,functionId,name,active) values ('APPFUNCTION_TYPE','com.fudanmed.platform.core.web.stockTakingListListPresenter','com.fudanmed.platform.core.web.client.warehouse.StockTakingListListPresenter.createStockTakingListRequest','新建实盘清单',1); 
insert into appfunction (DTYPE,parentFunctionId,functionId,name,active) values ('APPFUNCTION_TYPE','com.fudanmed.platform.core.web.stockTakingListListPresenter','com.fudanmed.platform.core.web.client.warehouse.StockTakingListListPresenter.cancelStockTakingListRequest','取消实盘',1); 
insert into appfunction (DTYPE,parentFunctionId,functionId,name,active) values ('APPFUNCTION_TYPE','com.fudanmed.platform.core.web.stockTakingListListPresenter','com.fudanmed.platform.core.web.client.warehouse.StockTakingListListPresenter.inputQuantity','实盘信息录入',1); 
insert into appfunction (DTYPE,parentFunctionId,functionId,name,active) values ('APPFUNCTION_TYPE','com.fudanmed.platform.core.web.stockTakingListListPresenter','com.fudanmed.platform.core.web.client.warehouse.StockTakingListListPresenter.commit','提交',1); 
insert into appfunction (DTYPE,parentFunctionId,functionId,name,active) values ('APPFUNCTION_TYPE','com.fudanmed.platform.core.web.stockTakingListListPresenter','com.fudanmed.platform.core.web.client.warehouse.StockTakingListListPresenter.export','导出',1); 
insert into appfunction (DTYPE,parentFunctionId,functionId,name,active) values ('APPFUNCTION_TYPE','com.fudanmed.platform.core.web.stockTakingListListPresenter','com.fudanmed.platform.core.web.client.warehouse.StockTakingListListPresenter.printListlRequest','打印盘点单',1); 
insert into appfunction (DTYPE,parentFunctionId,functionId,name,active) values ('APPFUNCTION_TYPE','com.fudanmed.platform.core.web.productCategoryManagementPresenter','com.fudanmed.platform.core.web.client.warehouse.ProductCategoryManagementPresenter.createRequest','新建物品大类',1); 
insert into appfunction (DTYPE,parentFunctionId,functionId,name,active) values ('APPFUNCTION_TYPE','com.fudanmed.platform.core.web.productCategoryManagementPresenter','com.fudanmed.platform.core.web.client.warehouse.ProductCategoryManagementPresenter.deleteRequest','删除物品大类',1); 
insert into appfunction (DTYPE,parentFunctionId,functionId,name,active) values ('APPFUNCTION_TYPE','com.fudanmed.platform.core.web.productCategoryManagementPresenter','com.fudanmed.platform.core.web.client.warehouse.ProductCategoryManagementPresenter.modifyRequest','修改物品大类',1); 
insert into appfunction (DTYPE,parentFunctionId,functionId,name,active) values ('APPFUNCTION_TYPE','com.fudanmed.platform.core.web.productCategoryManagementPresenter','com.fudanmed.platform.core.web.client.warehouse.ProductCategoryManagementPresenter.createChildRequest','新建物品类别',1); 
insert into appfunction (DTYPE,parentFunctionId,functionId,name,active) values ('APPFUNCTION_TYPE','com.fudanmed.platform.core.web.productCategoryManagementPresenter','com.fudanmed.platform.core.web.client.warehouse.ProductCategoryManagementPresenter.modifyChildRequest','修改物品类别',1); 
insert into appfunction (DTYPE,parentFunctionId,functionId,name,active) values ('APPFUNCTION_TYPE','com.fudanmed.platform.core.web.productCategoryManagementPresenter','com.fudanmed.platform.core.web.client.warehouse.ProductCategoryManagementPresenter.deleteChildRequest','删除物品类别',1); 
insert into appfunction (DTYPE,parentFunctionId,functionId,name,active) values ('APPFUNCTION_TYPE','com.fudanmed.platform.core.web.productSpecificationManagementPresenter','com.fudanmed.platform.core.web.client.warehouse.ProductSpecificationManagementPresenter.createRequest','新建',1); 
insert into appfunction (DTYPE,parentFunctionId,functionId,name,active) values ('APPFUNCTION_TYPE','com.fudanmed.platform.core.web.productSpecificationManagementPresenter','com.fudanmed.platform.core.web.client.warehouse.ProductSpecificationManagementPresenter.importRequest','导入',1); 
insert into appfunction (DTYPE,parentFunctionId,functionId,name,active) values ('APPFUNCTION_TYPE','com.fudanmed.platform.core.web.productSpecificationManagementPresenter','com.fudanmed.platform.core.web.client.warehouse.ProductSpecificationManagementPresenter.deleteRequest','删除',1); 
insert into appfunction (DTYPE,parentFunctionId,functionId,name,active) values ('APPFUNCTION_TYPE','com.fudanmed.platform.core.web.productSpecificationManagementPresenter','com.fudanmed.platform.core.web.client.warehouse.ProductSpecificationManagementPresenter.modifyRequest','修改',1); 
insert into appfunction (DTYPE,parentFunctionId,functionId,name,active) values ('APPFUNCTION_TYPE','com.fudanmed.platform.core.web.outStockRecordListPresenter','com.fudanmed.platform.core.web.client.warehouse.OutStockRecordListPresenter.OutStockRequest','物品出库',1); 
insert into appfunction (DTYPE,parentFunctionId,functionId,name,active) values ('APPFUNCTION_TYPE','com.fudanmed.platform.core.web.inStockRecordListPresenter','com.fudanmed.platform.core.web.client.warehouse.InStockRecordListPresenter.inStockRequest','物品入库',1); 
insert into appfunction (DTYPE,parentFunctionId,functionId,name,active) values ('APPFUNCTION_TYPE','com.fudanmed.platform.core.web.inStockRecordListPresenter','com.fudanmed.platform.core.web.client.warehouse.InStockRecordListPresenter.modifyInStockRequest','修改入库单',1); 
insert into appfunction (DTYPE,parentFunctionId,functionId,name,active) values ('APPFUNCTION_TYPE','com.fudanmed.platform.core.web.supplierManagementPresenter','com.fudanmed.platform.core.web.client.organization.SupplierManagementPresenter.createRequest','新建',1); 
insert into appfunction (DTYPE,parentFunctionId,functionId,name,active) values ('APPFUNCTION_TYPE','com.fudanmed.platform.core.web.supplierManagementPresenter','com.fudanmed.platform.core.web.client.organization.SupplierManagementPresenter.deleteRequest','删除',1); 
insert into appfunction (DTYPE,parentFunctionId,functionId,name,active) values ('APPFUNCTION_TYPE','com.fudanmed.platform.core.web.supplierManagementPresenter','com.fudanmed.platform.core.web.client.organization.SupplierManagementPresenter.modifyRequest','修改',1); 
insert into appfunction (DTYPE,parentFunctionId,functionId,name,active) values ('APPFUNCTION_TYPE','com.fudanmed.platform.core.web.warehouseManagementPresenter','com.fudanmed.platform.core.web.client.warehouse.WarehouseManagementPresenter.createWarehouseRequest','新建',1); 
insert into appfunction (DTYPE,parentFunctionId,functionId,name,active) values ('APPFUNCTION_TYPE','com.fudanmed.platform.core.web.warehouseManagementPresenter','com.fudanmed.platform.core.web.client.warehouse.WarehouseManagementPresenter.updateWarehouseRequest','修改',1); 
insert into appfunction (DTYPE,parentFunctionId,functionId,name,active) values ('APPFUNCTION_TYPE','com.fudanmed.platform.core.web.warehouseManagementPresenter','com.fudanmed.platform.core.web.client.warehouse.WarehouseManagementPresenter.deleteWarehouseRequest','删除',1); 
insert into appfunction (DTYPE,parentFunctionId,functionId,name,active) values ('APPFUNCTION_TYPE','com.fudanmed.platform.core.web.maintenanceTypeManagerPresenter','com.fudanmed.platform.core.web.client.project.MaintenamceTypeManagementPresenter.createRequest','新建维修类别',1); 
insert into appfunction (DTYPE,parentFunctionId,functionId,name,active) values ('APPFUNCTION_TYPE','com.fudanmed.platform.core.web.maintenanceTypeManagerPresenter','com.fudanmed.platform.core.web.client.project.MaintenamceTypeManagementPresenter.deleteRequest','删除维修类别',1); 
insert into appfunction (DTYPE,parentFunctionId,functionId,name,active) values ('APPFUNCTION_TYPE','com.fudanmed.platform.core.web.maintenanceTypeManagerPresenter','com.fudanmed.platform.core.web.client.project.MaintenamceTypeManagementPresenter.modifyRequest','修改维修类别',1); 
insert into appfunction (DTYPE,parentFunctionId,functionId,name,active) values ('APPFUNCTION_TYPE','com.fudanmed.platform.core.web.maintenanceTypeManagerPresenter','com.fudanmed.platform.core.web.client.project.MaintenamceTypeManagementPresenter.createChildRequest','新建维修项目',1); 
insert into appfunction (DTYPE,parentFunctionId,functionId,name,active) values ('APPFUNCTION_TYPE','com.fudanmed.platform.core.web.maintenanceTypeManagerPresenter','com.fudanmed.platform.core.web.client.project.MaintenamceTypeManagementPresenter.modifyChildRequest','修改维修项目',1); 
insert into appfunction (DTYPE,parentFunctionId,functionId,name,active) values ('APPFUNCTION_TYPE','com.fudanmed.platform.core.web.maintenanceTypeManagerPresenter','com.fudanmed.platform.core.web.client.project.MaintenamceTypeManagementPresenter.deleteChildRequest','删除维修项目',1); 
insert into appfunction (DTYPE,parentFunctionId,functionId,name,active) values ('APPFUNCTION_TYPE','com.fudanmed.platform.core.web.maintenanceTeamManagementPresenter','com.fudanmed.platform.core.web.client.project.MaintenanceTeamManagementPresenter.selectAsTeam','选定维修班组',1); 
insert into appfunction (DTYPE,parentFunctionId,functionId,name,active) values ('APPFUNCTION_TYPE','com.fudanmed.platform.core.web.maintenanceTeamManagementPresenter','com.fudanmed.platform.core.web.client.project.MaintenanceTeamManagementPresenter.removeFromTeam','移除维修班组',1); 
insert into appfunction (DTYPE,parentFunctionId,functionId,name,active) values ('APPFUNCTION_TYPE','com.fudanmed.platform.core.web.settlementListPresenter','com.fudanmed.platform.core.web.client.project.SettlementListPresenter.createSettlementRequest','新建结算单',1); 
insert into appfunction (DTYPE,parentFunctionId,functionId,name,active) values ('APPFUNCTION_TYPE','com.fudanmed.platform.core.web.settlementListPresenter','com.fudanmed.platform.core.web.client.project.SettlementListPresenter.modifySettlementRequest','修改结算单',1); 
insert into appfunction (DTYPE,parentFunctionId,functionId,name,active) values ('APPFUNCTION_TYPE','com.fudanmed.platform.core.web.settlementListPresenter','com.fudanmed.platform.core.web.client.project.SettlementListPresenter.cancelSettlementRequest','取消结算',1); 
insert into appfunction (DTYPE,parentFunctionId,functionId,name,active) values ('APPFUNCTION_TYPE','com.fudanmed.platform.core.web.settlementListPresenter','com.fudanmed.platform.core.web.client.project.SettlementListPresenter.addRepairTaskItemsRequest','添加结算报修单',1); 
insert into appfunction (DTYPE,parentFunctionId,functionId,name,active) values ('APPFUNCTION_TYPE','com.fudanmed.platform.core.web.settlementListPresenter','com.fudanmed.platform.core.web.client.project.SettlementListPresenter.cancelSettlementItemRequest','移除结算报修单',1); 
insert into appfunction (DTYPE,parentFunctionId,functionId,name,active) values ('APPFUNCTION_TYPE','com.fudanmed.platform.core.web.settlementListPresenter','com.fudanmed.platform.core.web.client.project.SettlementListPresenter.printSettlementRequest','打印结算单',1); 
insert into appfunction (DTYPE,parentFunctionId,functionId,name,active) values ('APPFUNCTION_TYPE','com.fudanmed.platform.core.web.basic','com.fudanmed.platform.core.web.UpdateEBoardMessageCommand','通知信息维护',1); 
insert into appfunction (DTYPE,parentFunctionId,functionId,name,active) values ('APPFUNCTION_TYPE','com.fudanmed.platform.core.web.statistics','com.fudanmed.platform.core.web.GroupTaskStatByTeamCommand','班组接修统计',1); 
insert into appfunction (DTYPE,parentFunctionId,functionId,name,active) values ('APPFUNCTION_TYPE','com.fudanmed.platform.core.web.statistics','com.fudanmed.platform.core.web.RepairTaskStatByMonthCommand','月份报修统计',1); 
insert into appfunction (DTYPE,parentFunctionId,functionId,name,active) values ('APPFUNCTION_TYPE','com.fudanmed.platform.core.web.statistics','com.fudanmed.platform.core.web.RepairTaskStatByReportSourceCommand','报修来源统计',1); 
insert into appfunction (DTYPE,parentFunctionId,functionId,name,active) values ('APPFUNCTION_TYPE','com.fudanmed.platform.core.web.reportManagementPresenter','com.fudanmed.platform.core.web.client.project.ReportManagementPresenter.createRequest','新建报修',1); 
insert into appfunction (DTYPE,parentFunctionId,functionId,name,active) values ('APPFUNCTION_TYPE','com.fudanmed.platform.core.web.reportManagementPresenter','com.fudanmed.platform.core.web.client.project.ReportManagementPresenter.complaintRequest','投诉',1); 
insert into appfunction (DTYPE,parentFunctionId,functionId,name,active) values ('APPFUNCTION_TYPE','com.fudanmed.platform.core.web.reportManagementPresenter','com.fudanmed.platform.core.web.client.project.ReportManagementPresenter.doEvaluate','评价',1); 
insert into appfunction (DTYPE,parentFunctionId,functionId,name,active) values ('APPFUNCTION_TYPE','com.fudanmed.platform.core.web.repairReportManagementPresenter','com.fudanmed.platform.core.web.client.project.RepairTaskManagementPresenter.createRequest','新建报修',1); 
insert into appfunction (DTYPE,parentFunctionId,functionId,name,active) values ('APPFUNCTION_TYPE','com.fudanmed.platform.core.web.repairReportManagementPresenter','com.fudanmed.platform.core.web.client.project.RepairTaskManagementPresenter.deleteRequest','删除报修',1); 
insert into appfunction (DTYPE,parentFunctionId,functionId,name,active) values ('APPFUNCTION_TYPE','com.fudanmed.platform.core.web.repairReportManagementPresenter','com.fudanmed.platform.core.web.client.project.RepairTaskManagementPresenter.cancelRequest','取消报修',1); 
insert into appfunction (DTYPE,parentFunctionId,functionId,name,active) values ('APPFUNCTION_TYPE','com.fudanmed.platform.core.web.repairReportManagementPresenter','com.fudanmed.platform.core.web.client.project.RepairTaskManagementPresenter.modifyRequest','修改报修',1); 
insert into appfunction (DTYPE,parentFunctionId,functionId,name,active) values ('APPFUNCTION_TYPE','com.fudanmed.platform.core.web.repairReportManagementPresenter','com.fudanmed.platform.core.web.client.project.RepairTaskManagementPresenter.dispatchRequest','派发班组',1); 
insert into appfunction (DTYPE,parentFunctionId,functionId,name,active) values ('APPFUNCTION_TYPE','com.fudanmed.platform.core.web.repairReportManagementPresenter','com.fudanmed.platform.core.web.client.project.RepairTaskManagementPresenter.closeRepairTaskRequest','报修结单',1); 
insert into appfunction (DTYPE,parentFunctionId,functionId,name,active) values ('APPFUNCTION_TYPE','com.fudanmed.platform.core.web.groupTaskManagementPresenter','com.fudanmed.platform.core.web.CreateWorkItemPictureCommand','图片上传',1); 
insert into appfunction (DTYPE,parentFunctionId,functionId,name,active) values ('APPFUNCTION_TYPE','com.fudanmed.platform.core.web.groupTaskManagementPresenter','com.fudanmed.platform.core.web.ViewWorkItemPictureCommand','查看图片',1); 
insert into appfunction (DTYPE,parentFunctionId,functionId,name,active) values ('APPFUNCTION_TYPE','com.fudanmed.platform.core.web.groupTaskManagementPresenter','com.fudanmed.platform.core.web.client.project.GroupTaskManagementPresenter.createWorkItemTaskRequest','工单派工',1); 
insert into appfunction (DTYPE,parentFunctionId,functionId,name,active) values ('APPFUNCTION_TYPE','com.fudanmed.platform.core.web.groupTaskManagementPresenter','com.fudanmed.platform.core.web.client.project.GroupTaskManagementPresenter.finishGroupTaskRequest','完工上报',1); 
insert into appfunction (DTYPE,parentFunctionId,functionId,name,active) values ('APPFUNCTION_TYPE','com.fudanmed.platform.core.web.groupTaskManagementPresenter','com.fudanmed.platform.core.web.client.project.GroupTaskManagementPresenter.misDispatchGroupTaskRequest','串单上报',1); 
insert into appfunction (DTYPE,parentFunctionId,functionId,name,active) values ('APPFUNCTION_TYPE','com.fudanmed.platform.core.web.groupTaskManagementPresenter','com.fudanmed.platform.core.web.client.project.GroupTaskManagementPresenter.pendWorkItemTaskRequest','工单挂起',1); 
insert into appfunction (DTYPE,parentFunctionId,functionId,name,active) values ('APPFUNCTION_TYPE','com.fudanmed.platform.core.web.groupTaskManagementPresenter','com.fudanmed.platform.core.web.client.project.GroupTaskManagementPresenter.cancelPendWorkItemTaskRequest','结束挂起',1); 
insert into appfunction (DTYPE,parentFunctionId,functionId,name,active) values ('APPFUNCTION_TYPE','com.fudanmed.platform.core.web.groupTaskManagementPresenter','com.fudanmed.platform.core.web.client.project.GroupTaskManagementPresenter.outsourceWorkItemTaskRequest','外协',1); 
insert into appfunction (DTYPE,parentFunctionId,functionId,name,active) values ('APPFUNCTION_TYPE','com.fudanmed.platform.core.web.groupTaskManagementPresenter','com.fudanmed.platform.core.web.client.project.GroupTaskManagementPresenter.finishOutsourceWorkItemTaskRequest','完成外协',1); 
insert into appfunction (DTYPE,parentFunctionId,functionId,name,active) values ('APPFUNCTION_TYPE','com.fudanmed.platform.core.web.groupTaskManagementPresenter','com.fudanmed.platform.core.web.client.project.GroupTaskManagementPresenter.misDispatchingWorkItemTaskRequest','串单',1); 
insert into appfunction (DTYPE,parentFunctionId,functionId,name,active) values ('APPFUNCTION_TYPE','com.fudanmed.platform.core.web.groupTaskManagementPresenter','com.fudanmed.platform.core.web.client.project.GroupTaskManagementPresenter.finishWorkItemTaskRequest','工单完工',1); 
insert into appfunction (DTYPE,parentFunctionId,functionId,name,active) values ('APPFUNCTION_TYPE','com.fudanmed.platform.core.web.groupTaskManagementPresenter','com.fudanmed.platform.core.web.client.project.GroupTaskManagementPresenter.followUpWOrkItemTaskRequest','跟进',1); 
insert into appfunction (DTYPE,parentFunctionId,functionId,name,active) values ('APPFUNCTION_TYPE','com.fudanmed.platform.core.web.groupTaskManagementPresenter','com.fudanmed.platform.core.web.client.project.GroupTaskManagementPresenter.printWorkItemRequest','打印工单',1); 
insert into appfunction (DTYPE,parentFunctionId,functionId,name,active) values ('APPFUNCTION_TYPE','com.fudanmed.platform.core.web.measureDeviceValueManagementPresenter','com.fudanmed.platform.core.web.CreateMeasureValueCommand','新建',1); 
insert into appfunction (DTYPE,parentFunctionId,functionId,name,active) values ('APPFUNCTION_TYPE','com.fudanmed.platform.core.web.measureDeviceValueManagementPresenter','com.fudanmed.platform.core.web.ModifyMeasureValueCommand','修改',1); 
insert into appfunction (DTYPE,parentFunctionId,functionId,name,active) values ('APPFUNCTION_TYPE','com.fudanmed.platform.core.web.measureDeviceValueManagementPresenter','com.fudanmed.platform.core.web.DeleteMeasureValueCommand','删除',1); 
insert into appfunction (DTYPE,parentFunctionId,functionId,name,active) values ('APPFUNCTION_TYPE','com.fudanmed.platform.core.web.measureDeviceManagementPresenter','com.fudanmed.platform.core.web.ShowMeasureDeviceManagementPresenterCommand','抄表设备维护',1); 
insert into appfunction (DTYPE,functionId,name,active) values ('APPFUNCTION_TYPE','com.fudanmed.platform.core.web.basic','基础数据维护',1); 
insert into appfunction (DTYPE,parentFunctionId,functionId,name,active) values ('APPFUNCTION_TYPE','com.fudanmed.platform.core.web.basic','com.fudanmed.platform.core.web.onsitePositionManagementPresenter','区域位置维护',1); 
insert into appfunction (DTYPE,parentFunctionId,functionId,name,active) values ('APPFUNCTION_TYPE','com.fudanmed.platform.core.web.basic','com.fudanmed.platform.core.web.organizationManagementPresenter','组织机构维护',1); 
insert into appfunction (DTYPE,parentFunctionId,functionId,name,active) values ('APPFUNCTION_TYPE','com.fudanmed.platform.core.web.basic','com.fudanmed.platform.core.web.employeeManagementPresenter','员工维护',1); 
insert into appfunction (DTYPE,parentFunctionId,functionId,name,active) values ('APPFUNCTION_TYPE','com.fudanmed.platform.core.web.basic','com.fudanmed.platform.core.web.supplierManagementPresenter','供应商维护',1); 
insert into appfunction (DTYPE,parentFunctionId,functionId,name,active) values ('APPFUNCTION_TYPE','com.fudanmed.platform.core.web.basic','com.fudanmed.platform.core.web.systemParameterPresenter','系统参数维护',1); 
insert into appfunction (DTYPE,parentFunctionId,functionId,name,active) values ('APPFUNCTION_TYPE','com.fudanmed.platform.core.web.basic','com.fudanmed.platform.core.web.changePasswdPresenter','修改密码',1); 
insert into appfunction (DTYPE,functionId,name,active) values ('APPFUNCTION_TYPE','com.fudanmed.platform.core.web.project','设备工程数据维护',1); 
insert into appfunction (DTYPE,parentFunctionId,functionId,name,active) values ('APPFUNCTION_TYPE','com.fudanmed.platform.core.web.project','com.fudanmed.platform.core.web.maintenanceTypeManagerPresenter','维修类别维护',1); 
insert into appfunction (DTYPE,parentFunctionId,functionId,name,active) values ('APPFUNCTION_TYPE','com.fudanmed.platform.core.web.project','com.fudanmed.platform.core.web.maintenanceTeamManagementPresenter','维修班组设置',1); 
insert into appfunction (DTYPE,functionId,name,active) values ('APPFUNCTION_TYPE','com.fudanmed.platform.core.web.department','科室日常业务',1); 
insert into appfunction (DTYPE,parentFunctionId,functionId,name,active) values ('APPFUNCTION_TYPE','com.fudanmed.platform.core.web.department','com.fudanmed.platform.core.web.reportManagementPresenter','科室报修工作台',1); 
insert into appfunction (DTYPE,functionId,name,active) values ('APPFUNCTION_TYPE','com.fudanmed.platform.core.web.process','工程日常业务',1); 
insert into appfunction (DTYPE,parentFunctionId,functionId,name,active) values ('APPFUNCTION_TYPE','com.fudanmed.platform.core.web.process','com.fudanmed.platform.core.web.repairReportManagementPresenter','调度工作台',1); 
insert into appfunction (DTYPE,parentFunctionId,functionId,name,active) values ('APPFUNCTION_TYPE','com.fudanmed.platform.core.web.process','com.fudanmed.platform.core.web.groupTaskManagementPresenter','班组工作台',1); 
insert into appfunction (DTYPE,parentFunctionId,functionId,name,active) values ('APPFUNCTION_TYPE','com.fudanmed.platform.core.web.process','com.fudanmed.platform.core.web.pmTeamWorkItemManagementPresenter','班组PM工作台',1); 
insert into appfunction (DTYPE,functionId,name,active) values ('APPFUNCTION_TYPE','com.fudanmed.platform.core.web.warehousecore','工程仓库数据维护',1); 
insert into appfunction (DTYPE,parentFunctionId,functionId,name,active) values ('APPFUNCTION_TYPE','com.fudanmed.platform.core.web.warehousecore','com.fudanmed.platform.core.web.productCategoryManagementPresenter','物品类型信息维护',1); 
insert into appfunction (DTYPE,parentFunctionId,functionId,name,active) values ('APPFUNCTION_TYPE','com.fudanmed.platform.core.web.warehousecore','com.fudanmed.platform.core.web.warehouseManagementPresenter','仓库信息维护',1); 
insert into appfunction (DTYPE,parentFunctionId,functionId,name,active) values ('APPFUNCTION_TYPE','com.fudanmed.platform.core.web.warehousecore','com.fudanmed.platform.core.web.productSpecificationManagementPresenter','物品信息维护',1); 
insert into appfunction (DTYPE,functionId,name,active) values ('APPFUNCTION_TYPE','com.fudanmed.platform.core.web.warehouse','工程仓库管理',1); 
insert into appfunction (DTYPE,parentFunctionId,functionId,name,active) values ('APPFUNCTION_TYPE','com.fudanmed.platform.core.web.warehouse','com.fudanmed.platform.core.web.productWarehouseStorageSummaryManagementPresenter','库存台帐',1); 
insert into appfunction (DTYPE,parentFunctionId,functionId,name,active) values ('APPFUNCTION_TYPE','com.fudanmed.platform.core.web.warehouse','com.fudanmed.platform.core.web.inStockRecordListPresenter','入库管理',1); 
insert into appfunction (DTYPE,parentFunctionId,functionId,name,active) values ('APPFUNCTION_TYPE','com.fudanmed.platform.core.web.warehouse','com.fudanmed.platform.core.web.outStockRecordListPresenter','出库管理',1); 
insert into appfunction (DTYPE,parentFunctionId,functionId,name,active) values ('APPFUNCTION_TYPE','com.fudanmed.platform.core.web.warehouse','com.fudanmed.platform.core.web.workItemTaskManagementPresenter','工单领/退料管理',1); 
insert into appfunction (DTYPE,parentFunctionId,functionId,name,active) values ('APPFUNCTION_TYPE','com.fudanmed.platform.core.web.warehouse','com.fudanmed.platform.core.web.transferRecordListPresenter','调拨管理',1); 
insert into appfunction (DTYPE,parentFunctionId,functionId,name,active) values ('APPFUNCTION_TYPE','com.fudanmed.platform.core.web.warehouse','com.fudanmed.platform.core.web.workItemStockRecordManagementPresenter','领料/退料单查询',1); 
insert into appfunction (DTYPE,parentFunctionId,functionId,name,active) values ('APPFUNCTION_TYPE','com.fudanmed.platform.core.web.warehouse','com.fudanmed.platform.core.web.settlementListPresenter','结算管理',1); 
insert into appfunction (DTYPE,parentFunctionId,functionId,name,active) values ('APPFUNCTION_TYPE','com.fudanmed.platform.core.web.warehouse','com.fudanmed.platform.core.web.stockTakingListListPresenter','盘点管理',1); 
insert into appfunction (DTYPE,functionId,name,active) values ('APPFUNCTION_TYPE','com.fudanmed.platform.core.web.device','设备台账',1); 
insert into appfunction (DTYPE,parentFunctionId,functionId,name,active) values ('APPFUNCTION_TYPE','com.fudanmed.platform.core.web.device','com.fudanmed.platform.core.web.deviceManagementPresenter','设备管理',1); 
insert into appfunction (DTYPE,parentFunctionId,functionId,name,active) values ('APPFUNCTION_TYPE','com.fudanmed.platform.core.web.deviceManagementPresenter','com.fudanmed.platform.core.web.modifyDeviceParameter','设备参数管理',1); 
insert into appfunction (DTYPE,parentFunctionId,functionId,name,active) values ('APPFUNCTION_TYPE','com.fudanmed.platform.core.web.device','com.fudanmed.platform.core.web.deviceTypeCategoryManagementPresenter','设备类型管理',1); 
insert into appfunction (DTYPE,parentFunctionId,functionId,name,active) values ('APPFUNCTION_TYPE','com.fudanmed.platform.core.web.device','com.fudanmed.platform.core.web.numberWithUnitTypeManagementPresenter','参数类型管理',1); 
insert into appfunction (DTYPE,functionId,name,active) values ('APPFUNCTION_TYPE','com.fudanmed.platform.core.web.pm','PM管理',1); 
insert into appfunction (DTYPE,parentFunctionId,functionId,name,active) values ('APPFUNCTION_TYPE','com.fudanmed.platform.core.web.pm','com.fudanmed.platform.core.web.devicePMSpecificationManagementPresenter','设备PM计划管理',1); 
insert into appfunction (DTYPE,parentFunctionId,functionId,name,active) values ('APPFUNCTION_TYPE','com.fudanmed.platform.core.web.pm','com.fudanmed.platform.core.web.pmWorkItemManagementPresenter','PM调度工作台',1); 
insert into appfunction (DTYPE,parentFunctionId,functionId,name,active) values ('APPFUNCTION_TYPE','com.fudanmed.platform.core.web.pm','com.fudanmed.platform.core.web.pmShowDevicePMPlan','PM计划查询',1); 
insert into appfunction (DTYPE,functionId,name,active) values ('APPFUNCTION_TYPE','com.fudanmed.platform.core.web.statistics','统计查询',1); 
insert into appfunction (DTYPE,parentFunctionId,functionId,name,active) values ('APPFUNCTION_TYPE','com.fudanmed.platform.core.web.statistics','com.fudanmed.platform.core.web.repairTaskStatisticListPresenter','报修单统计表',1); 
insert into appfunction (DTYPE,parentFunctionId,functionId,name,active) values ('APPFUNCTION_TYPE','com.fudanmed.platform.core.web.statistics','com.fudanmed.platform.core.web.workItemStockStatisticListPresenter','报修用料统计表',1); 
insert into appfunction (DTYPE,functionId,name,active) values ('APPFUNCTION_TYPE','com.fudanmed.platform.core.web.measure','抄表管理',1); 
insert into appfunction (DTYPE,parentFunctionId,functionId,name,active) values ('APPFUNCTION_TYPE','com.fudanmed.platform.core.web.measure','com.fudanmed.platform.core.web.measureDeviceManagementPresenter','抄表设备管理',1); 
insert into appfunction (DTYPE,parentFunctionId,functionId,name,active) values ('APPFUNCTION_TYPE','com.fudanmed.platform.core.web.measure','com.fudanmed.platform.core.web.measureDeviceValueManagementPresenter','抄表管理',1); 
insert into appfunction (DTYPE,functionId,name,active) values ('APPFUNCTION_TYPE','com.fudanmed.platform.core.web.deliver','运送管理',1); 
insert into appfunction (DTYPE,parentFunctionId,functionId,name,active) values ('APPFUNCTION_TYPE','com.fudanmed.platform.core.web.deliver','com.fudanmed.platform.core.web.dlTaskManagementPresenter','运送任务清单',1); 
insert into appfunction (DTYPE,parentFunctionId,functionId,name,active) values ('APPFUNCTION_TYPE','com.fudanmed.platform.core.web.deliver','com.fudanmed.platform.core.web.dlCenterlizedDeliverTaskManagementPresenter','中央运送管理',1); 
insert into appfunction (DTYPE,parentFunctionId,functionId,name,active) values ('APPFUNCTION_TYPE','com.fudanmed.platform.core.web.numberWithUnitTypeManagementPresenter','com.fudanmed.platform.core.web.client.device.NumberWithUnitTypeManagementPresenter.createRequest','新建参数类型',1); 
insert into appfunction (DTYPE,parentFunctionId,functionId,name,active) values ('APPFUNCTION_TYPE','com.fudanmed.platform.core.web.numberWithUnitTypeManagementPresenter','com.fudanmed.platform.core.web.client.device.NumberWithUnitTypeManagementPresenter.deleteRequest','删除参数类型',1); 
insert into appfunction (DTYPE,parentFunctionId,functionId,name,active) values ('APPFUNCTION_TYPE','com.fudanmed.platform.core.web.numberWithUnitTypeManagementPresenter','com.fudanmed.platform.core.web.client.device.NumberWithUnitTypeManagementPresenter.modifyRequest','修改参数类型',1); 
insert into appfunction (DTYPE,parentFunctionId,functionId,name,active) values ('APPFUNCTION_TYPE','com.fudanmed.platform.core.web.numberWithUnitTypeManagementPresenter','com.fudanmed.platform.core.web.client.device.NumberWithUnitTypeManagementPresenter.createRangeTypeRequest','新建范围类型',1); 
insert into appfunction (DTYPE,parentFunctionId,functionId,name,active) values ('APPFUNCTION_TYPE','com.fudanmed.platform.core.web.deviceManagementPresenter','com.fudanmed.platform.core.web.client.device.AttributeSlotTreeListPresenter.editSlotValueRequest','修改设备参数',1); 
insert into appfunction (DTYPE,parentFunctionId,functionId,name,active) values ('APPFUNCTION_TYPE','com.fudanmed.platform.core.web.deviceTypeCategoryManagementPresenter','com.fudanmed.platform.core.web.CreatePMDefaultIntervalAssociationCommand','新建PM计划',1); 
insert into appfunction (DTYPE,parentFunctionId,functionId,name,active) values ('APPFUNCTION_TYPE','com.fudanmed.platform.core.web.deviceTypeCategoryManagementPresenter','com.fudanmed.platform.core.web.UpdatePMDefaultIntervalAssociationCommand','修改PM计划',1); 
insert into appfunction (DTYPE,parentFunctionId,functionId,name,active) values ('APPFUNCTION_TYPE','com.fudanmed.platform.core.web.deviceTypeCategoryManagementPresenter','com.fudanmed.platform.core.web.DeletePMDefaultIntervalAssociationCommand','删除PM计划',1); 
insert into appfunction (DTYPE,parentFunctionId,functionId,name,active) values ('APPFUNCTION_TYPE','com.fudanmed.platform.core.web.productCategoryManagementPresenter','com.fudanmed.platform.core.web.client.device.PMDefaultIntervalAssociationListPresenter.setPMSpecRequest','设置默认PM计划',1); 
insert into appfunction (DTYPE,parentFunctionId,functionId,name,active) values ('APPFUNCTION_TYPE','com.fudanmed.platform.core.web.pmTeamWorkItemManagementPresenter','com.fudanmed.platform.core.web.client.device.PMTeamWorkItemManagementPresenter.assignWorkerRequest','派工',1); 
insert into appfunction (DTYPE,parentFunctionId,functionId,name,active) values ('APPFUNCTION_TYPE','com.fudanmed.platform.core.web.pmTeamWorkItemManagementPresenter','com.fudanmed.platform.core.web.client.device.PMTeamWorkItemManagementPresenter.reportFinishRequest','完成',1); 
insert into appfunction (DTYPE,parentFunctionId,functionId,name,active) values ('APPFUNCTION_TYPE','com.fudanmed.platform.core.web.pmTeamWorkItemManagementPresenter','com.fudanmed.platform.core.web.client.device.PMTeamWorkItemManagementPresenter.reportAllFinishRequest','完工上报',1); 
insert into appfunction (DTYPE,parentFunctionId,functionId,name,active) values ('APPFUNCTION_TYPE','com.fudanmed.platform.core.web.pmTeamWorkItemManagementPresenter','com.fudanmed.platform.core.web.client.device.PMTeamWorkItemManagementPresenter.pendRequest','延迟',1); 
insert into appfunction (DTYPE,parentFunctionId,functionId,name,active) values ('APPFUNCTION_TYPE','com.fudanmed.platform.core.web.pmShowDevicePMPlan','com.fudanmed.platform.core.web.ShowDevicePMPlanCommand','PM计划查询',1); 
insert into appfunction (DTYPE,parentFunctionId,functionId,name,active) values ('APPFUNCTION_TYPE','com.fudanmed.platform.core.web.pmWorkItemManagementPresenter','com.fudanmed.platform.core.web.client.device.PMWorkItemManagementPresenter.createRequest','新建PM任务',1); 
insert into appfunction (DTYPE,parentFunctionId,functionId,name,active) values ('APPFUNCTION_TYPE','com.fudanmed.platform.core.web.pmWorkItemManagementPresenter','com.fudanmed.platform.core.web.client.device.PMWorkItemManagementPresenter.modifyRequest','修改/派发',1); 
insert into appfunction (DTYPE,parentFunctionId,functionId,name,active) values ('APPFUNCTION_TYPE','com.fudanmed.platform.core.web.pmWorkItemManagementPresenter','com.fudanmed.platform.core.web.client.device.PMWorkItemManagementPresenter.finishWorkItemRequest','PM任务结单',1); 
insert into appfunction (DTYPE,parentFunctionId,functionId,name,active) values ('APPFUNCTION_TYPE','com.fudanmed.platform.core.web.pmTeamWorkItemManagementPresenter','com.fudanmed.platform.core.web.FinishWorkItemPlanAssignmentCommand','已维保',1); 
insert into appfunction (DTYPE,parentFunctionId,functionId,name,active) values ('APPFUNCTION_TYPE','com.fudanmed.platform.core.web.devicePMSpecificationManagementPresenter','com.fudanmed.platform.core.web.client.device.DevicePMSpecificationManagementPresenter.createRequest','新建PM计划类型',1); 
insert into appfunction (DTYPE,parentFunctionId,functionId,name,active) values ('APPFUNCTION_TYPE','com.fudanmed.platform.core.web.devicePMSpecificationManagementPresenter','com.fudanmed.platform.core.web.client.device.DevicePMSpecificationManagementPresenter.deleteRequest','删除PM计划类型',1); 
insert into appfunction (DTYPE,parentFunctionId,functionId,name,active) values ('APPFUNCTION_TYPE','com.fudanmed.platform.core.web.devicePMSpecificationManagementPresenter','com.fudanmed.platform.core.web.client.device.DevicePMSpecificationManagementPresenter.modifyRequest','修改PM计划类型',1); 
insert into appfunction (DTYPE,parentFunctionId,functionId,name,active) values ('APPFUNCTION_TYPE','com.fudanmed.platform.core.web.devicePMSpecificationManagementPresenter','com.fudanmed.platform.core.web.client.device.DevicePMSpecificationManagementPresenter.initPM4DeviceRequest','生成PM任务',1); 
insert into appfunction (DTYPE,parentFunctionId,functionId,name,active) values ('APPFUNCTION_TYPE','com.fudanmed.platform.core.web.devicePMSpecificationManagementPresenter','com.fudanmed.platform.core.web.CreateDevicePMPlanCommand','新建PM计划',1); 
insert into appfunction (DTYPE,parentFunctionId,functionId,name,active) values ('APPFUNCTION_TYPE','com.fudanmed.platform.core.web.devicePMSpecificationManagementPresenter','com.fudanmed.platform.core.web.UpdateDevicePMPlanCommand','修改PM计划',1); 
insert into appfunction (DTYPE,parentFunctionId,functionId,name,active) values ('APPFUNCTION_TYPE','com.fudanmed.platform.core.web.devicePMSpecificationManagementPresenter','com.fudanmed.platform.core.web.BatchInitializePMPlanPresenterCommand','批量生成PM计划',1); 
insert into appfunction (DTYPE,parentFunctionId,functionId,name,active) values ('APPFUNCTION_TYPE','com.fudanmed.platform.core.web.devicePMSpecificationManagementPresenter','com.fudanmed.platform.core.web.DeleteDevicePMPlanCommand','删除PM计划',1); 
insert into appfunction (DTYPE,parentFunctionId,functionId,name,active) values ('APPFUNCTION_TYPE','com.fudanmed.platform.core.web.deviceManagementPresenter','com.fudanmed.platform.core.web.UploadDeviceCommand','设备导入',1); 
insert into appfunction (DTYPE,parentFunctionId,functionId,name,active) values ('APPFUNCTION_TYPE','com.fudanmed.platform.core.web.deviceManagementPresenter','com.fudanmed.platform.core.web.ExportDeviceCommand','设备导出',1); 
insert into appfunction (DTYPE,parentFunctionId,functionId,name,active) values ('APPFUNCTION_TYPE','com.fudanmed.platform.core.web.deviceTypeCategoryManagementPresenter','com.fudanmed.platform.core.web.client.device.DeviceTypeCategoryManagementPresenter.createRequest','新建设备大类',1); 
insert into appfunction (DTYPE,parentFunctionId,functionId,name,active) values ('APPFUNCTION_TYPE','com.fudanmed.platform.core.web.deviceTypeCategoryManagementPresenter','com.fudanmed.platform.core.web.client.device.DeviceTypeCategoryManagementPresenter.deleteRequest','删除设备大类',1); 
insert into appfunction (DTYPE,parentFunctionId,functionId,name,active) values ('APPFUNCTION_TYPE','com.fudanmed.platform.core.web.deviceTypeCategoryManagementPresenter','com.fudanmed.platform.core.web.client.device.DeviceTypeCategoryManagementPresenter.modifyRequest','修改设备大类',1); 
insert into appfunction (DTYPE,parentFunctionId,functionId,name,active) values ('APPFUNCTION_TYPE','com.fudanmed.platform.core.web.deviceTypeCategoryManagementPresenter','com.fudanmed.platform.core.web.PopulatePMPlantoAllDeviceCommand','PM初始化',1); 
insert into appfunction (DTYPE,parentFunctionId,functionId,name,active) values ('APPFUNCTION_TYPE','com.fudanmed.platform.core.web.deviceTypeCategoryManagementPresenter','com.fudanmed.platform.core.web.client.device.DeviceTypeManagementPresenter.createChildRequest','新建设备类型',1); 
insert into appfunction (DTYPE,parentFunctionId,functionId,name,active) values ('APPFUNCTION_TYPE','com.fudanmed.platform.core.web.deviceTypeCategoryManagementPresenter','com.fudanmed.platform.core.web.client.device.DeviceTypeManagementPresenter.modifyChildRequest','修改设备类型',1); 
insert into appfunction (DTYPE,parentFunctionId,functionId,name,active) values ('APPFUNCTION_TYPE','com.fudanmed.platform.core.web.deviceTypeCategoryManagementPresenter','com.fudanmed.platform.core.web.client.device.DeviceTypeManagementPresenter.deleteChildRequest','删除设备类型',1); 
insert into appfunction (DTYPE,parentFunctionId,functionId,name,active) values ('APPFUNCTION_TYPE','com.fudanmed.platform.core.web.deviceTypeCategoryManagementPresenter','com.fudanmed.platform.core.web.client.device.DeviceTypeManagementPresenter.showAttributeSlotEditorRequest','扩展技术参数',1); 
insert into appfunction (DTYPE,parentFunctionId,functionId,name,active) values ('APPFUNCTION_TYPE','com.fudanmed.platform.core.web.deviceManagementPresenter','com.fudanmed.platform.core.web.CreateDeviceDocumentStorageCommand','上传设备文档',1); 
insert into appfunction (DTYPE,parentFunctionId,functionId,name,active) values ('APPFUNCTION_TYPE','com.fudanmed.platform.core.web.deviceManagementPresenter','com.fudanmed.platform.core.web.UpdateDeviceDocumentStorageCommand','修改设备文档',1); 
insert into appfunction (DTYPE,parentFunctionId,functionId,name,active) values ('APPFUNCTION_TYPE','com.fudanmed.platform.core.web.deviceManagementPresenter','com.fudanmed.platform.core.web.DeleteDeviceDocumentStorageCommand','删除设备文档',1); 
insert into appfunction (DTYPE,parentFunctionId,functionId,name,active) values ('APPFUNCTION_TYPE','com.fudanmed.platform.core.web.deviceManagementPresenter','com.fudanmed.platform.core.web.CreateDevicePictureCommand','上传设备图片',1); 
insert into appfunction (DTYPE,parentFunctionId,functionId,name,active) values ('APPFUNCTION_TYPE','com.fudanmed.platform.core.web.deviceManagementPresenter','com.fudanmed.platform.core.web.UpdateDevicePictureCommand','修改设备图片',1); 
insert into appfunction (DTYPE,parentFunctionId,functionId,name,active) values ('APPFUNCTION_TYPE','com.fudanmed.platform.core.web.deviceManagementPresenter','com.fudanmed.platform.core.web.DeleteDevicePictureCommand','删除设备图片',1); 
insert into appfunction (DTYPE,parentFunctionId,functionId,name,active) values ('APPFUNCTION_TYPE','com.fudanmed.platform.core.web.deviceTypeCategoryManagementPresenter','com.fudanmed.platform.core.web.CreateDeviceTypeDocumentStorageCommand','上传设备文档',1); 
insert into appfunction (DTYPE,parentFunctionId,functionId,name,active) values ('APPFUNCTION_TYPE','com.fudanmed.platform.core.web.deviceTypeCategoryManagementPresenter','com.fudanmed.platform.core.web.UpdateDeviceTypeDocumentStorageCommand','修改设备文档',1); 
insert into appfunction (DTYPE,parentFunctionId,functionId,name,active) values ('APPFUNCTION_TYPE','com.fudanmed.platform.core.web.deviceTypeCategoryManagementPresenter','com.fudanmed.platform.core.web.DeleteDeviceTypeDocumentStorageCommand','删除设备文档',1); 
insert into appfunction (DTYPE,parentFunctionId,functionId,name,active) values ('APPFUNCTION_TYPE','com.fudanmed.platform.core.web.deviceTypeCategoryManagementPresenter','com.fudanmed.platform.core.web.CreateDeviceTypePictureCommand','上传设备图片',1); 
insert into appfunction (DTYPE,parentFunctionId,functionId,name,active) values ('APPFUNCTION_TYPE','com.fudanmed.platform.core.web.deviceTypeCategoryManagementPresenter','com.fudanmed.platform.core.web.UpdateDeviceTypePictureCommand','修改设备图片',1); 
insert into appfunction (DTYPE,parentFunctionId,functionId,name,active) values ('APPFUNCTION_TYPE','com.fudanmed.platform.core.web.deviceTypeCategoryManagementPresenter','com.fudanmed.platform.core.web.DeleteDeviceTypePictureCommand','删除设备图片',1); 
insert into appfunction (DTYPE,parentFunctionId,functionId,name,active) values ('APPFUNCTION_TYPE','com.fudanmed.platform.core.web.deviceManagementPresenter','com.fudanmed.platform.core.web.client.device.DeviceManagementPresenter.createRequest','新建设备',1); 
insert into appfunction (DTYPE,parentFunctionId,functionId,name,active) values ('APPFUNCTION_TYPE','com.fudanmed.platform.core.web.deviceManagementPresenter','com.fudanmed.platform.core.web.client.device.DeviceManagementPresenter.duplicateRequest','复制设备',1); 
insert into appfunction (DTYPE,parentFunctionId,functionId,name,active) values ('APPFUNCTION_TYPE','com.fudanmed.platform.core.web.deviceManagementPresenter','com.fudanmed.platform.core.web.client.device.DeviceManagementPresenter.deleteRequest','删除设备',1); 
insert into appfunction (DTYPE,parentFunctionId,functionId,name,active) values ('APPFUNCTION_TYPE','com.fudanmed.platform.core.web.deviceManagementPresenter','com.fudanmed.platform.core.web.client.device.DeviceManagementPresenter.modifyRequest','修改设备',1); 
insert into appfunction (DTYPE,parentFunctionId,functionId,name,active) values ('APPFUNCTION_TYPE','com.fudanmed.platform.core.web.dlTaskManagementPresenter','com.fudanmed.platform.core.web.ShowDLTaskManagementCommand','运送任务清单',1); 
insert into appfunction (DTYPE,parentFunctionId,functionId,name,active) values ('APPFUNCTION_TYPE','com.fudanmed.platform.core.web.dlCenterlizedDeliverTaskManagementPresenter','com.fudanmed.platform.core.web.ShowCenterlizedDeliverTaskManagementCommand','中央运送管理',1); 
insert into appfunction (DTYPE,parentFunctionId,functionId,name,active) values ('APPFUNCTION_TYPE','com.fudanmed.platform.core.web.dlCenterlizedDeliverTaskManagementPresenter','com.fudanmed.platform.core.web.CenterlizedDeliverTaskDispatchCommand','派发',1); 
insert into appfunction (DTYPE,parentFunctionId,functionId,name,active) values ('APPFUNCTION_TYPE','com.fudanmed.platform.core.web.organizationManagementPresenter','com.fudanmed.platform.core.web.client.organization.OrganizationManagementPresenter.createRequest','新建',1); 
insert into appfunction (DTYPE,parentFunctionId,functionId,name,active) values ('APPFUNCTION_TYPE','com.fudanmed.platform.core.web.organizationManagementPresenter','com.fudanmed.platform.core.web.client.organization.OrganizationManagementPresenter.importRequest','导入',1); 
insert into appfunction (DTYPE,parentFunctionId,functionId,name,active) values ('APPFUNCTION_TYPE','com.fudanmed.platform.core.web.organizationManagementPresenter','com.fudanmed.platform.core.web.client.organization.OrganizationManagementPresenter.deleteRequest','删除',1); 
insert into appfunction (DTYPE,parentFunctionId,functionId,name,active) values ('APPFUNCTION_TYPE','com.fudanmed.platform.core.web.organizationManagementPresenter','com.fudanmed.platform.core.web.client.organization.OrganizationManagementPresenter.modifyRequest','修改',1); 
insert into appfunction (DTYPE,parentFunctionId,functionId,name,active) values ('APPFUNCTION_TYPE','com.fudanmed.platform.core.web.employeeManagementPresenter','com.fudanmed.platform.core.web.client.organization.EmployeeManagementPresenter.createRequest','新建',1); 
insert into appfunction (DTYPE,parentFunctionId,functionId,name,active) values ('APPFUNCTION_TYPE','com.fudanmed.platform.core.web.employeeManagementPresenter','com.fudanmed.platform.core.web.client.organization.EmployeeManagementPresenter.importRequest','导入',1); 
insert into appfunction (DTYPE,parentFunctionId,functionId,name,active) values ('APPFUNCTION_TYPE','com.fudanmed.platform.core.web.employeeManagementPresenter','com.fudanmed.platform.core.web.client.organization.EmployeeManagementPresenter.deleteRequest','删除',1); 
insert into appfunction (DTYPE,parentFunctionId,functionId,name,active) values ('APPFUNCTION_TYPE','com.fudanmed.platform.core.web.employeeManagementPresenter','com.fudanmed.platform.core.web.client.organization.EmployeeManagementPresenter.modifyRequest','修改',1); 
insert into appfunction (DTYPE,parentFunctionId,functionId,name,active) values ('APPFUNCTION_TYPE','com.fudanmed.platform.core.web.employeeManagementPresenter','com.fudanmed.platform.core.web.client.organization.EmployeeManagementPresenter.modifyDepartment','部门变动',1); 
insert into appfunction (DTYPE,parentFunctionId,functionId,name,active) values ('APPFUNCTION_TYPE','com.fudanmed.platform.core.web.employeeManagementPresenter','com.fudanmed.platform.core.web.client.organization.EmployeeManagementPresenter.assignRolesRequest','分配角色',1); 
insert into appfunction (DTYPE,parentFunctionId,functionId,name,active) values ('APPFUNCTION_TYPE','com.fudanmed.platform.core.web.employeeManagementPresenter','com.fudanmed.platform.core.web.client.organization.EmployeeManagementPresenter.resetPasswdRequest','重置密码',1); 
insert into appfunction (DTYPE,parentFunctionId,functionId,name,active) values ('APPFUNCTION_TYPE','com.fudanmed.platform.core.web.employeeManagementPresenter','com.fudanmed.platform.core.web.client.organization.EmployeeManagementPresenter.leaveJobRequest','员工离职',1); 
insert into appfunction (DTYPE,parentFunctionId,functionId,name,active) values ('APPFUNCTION_TYPE','com.fudanmed.platform.core.web.employeeManagementPresenter','com.fudanmed.platform.core.web.client.organization.EmployeeManagementPresenter.resumeJobRequest','员工复职',1); 
insert into appfunction (DTYPE,parentFunctionId,functionId,name,active) values ('APPFUNCTION_TYPE','com.fudanmed.platform.core.web.onsitePositionManagementPresenter','com.fudanmed.platform.core.web.client.organization.OnsitePositionManagementPresenter.createRequest','新建',1); 
insert into appfunction (DTYPE,parentFunctionId,functionId,name,active) values ('APPFUNCTION_TYPE','com.fudanmed.platform.core.web.onsitePositionManagementPresenter','com.fudanmed.platform.core.web.client.organization.OnsitePositionManagementPresenter.importRequest','导入',1); 
insert into appfunction (DTYPE,parentFunctionId,functionId,name,active) values ('APPFUNCTION_TYPE','com.fudanmed.platform.core.web.onsitePositionManagementPresenter','com.fudanmed.platform.core.web.client.organization.OnsitePositionManagementPresenter.deleteRequest','删除',1); 
insert into appfunction (DTYPE,parentFunctionId,functionId,name,active) values ('APPFUNCTION_TYPE','com.fudanmed.platform.core.web.onsitePositionManagementPresenter','com.fudanmed.platform.core.web.client.organization.OnsitePositionManagementPresenter.modifyRequest','修改',1); 
